Change Component Designator: Old Designator=C? New Designator=C1
Change Component Designator: Old Designator=C? New Designator=C2
Change Component Designator: Old Designator=DD1 New Designator=DD5
Change Component Designator: Old Designator=DD1? New Designator=DD1
Change Component Designator: Old Designator=DD2 New Designator=DD1
Change Component Designator: Old Designator=DD3 New Designator=DD6
Change Component Designator: Old Designator=DD4 New Designator=DD1
Change Component Designator: Old Designator=DD5 New Designator=DD1
Change Component Designator: Old Designator=DD7 New Designator=DD3
Change Component Designator: Old Designator=DD8 New Designator=DD4
Change Component Designator: Old Designator=DD? New Designator=DD2
Change Component Designator: Old Designator=K? New Designator=K1
Change Component Designator: Old Designator=R1 New Designator=R2
Change Component Designator: Old Designator=R2 New Designator=R3
Change Component Designator: Old Designator=R3 New Designator=R1
Change Component Designator: Old Designator=R4 New Designator=R5
Change Component Designator: Old Designator=R? New Designator=R4
Change Component Designator: Old Designator=R? New Designator=R6
Change Component Designator: Old Designator=R? New Designator=R7
Change Component Designator: Old Designator=VD? New Designator=VD2
Change Component Designator: Old Designator=VT? New Designator=VT1
