Change Physical Footprint: Designator=C1 Old Footprint=SM127P600-8N New Footprint=SM127P600-8N
Change Physical Footprint: Designator=C2 Old Footprint=SM127P600-8N New Footprint=SM127P600-8N
Change Physical Footprint: Designator=C3 Old Footprint=SM127P600-8N New Footprint=SM127P600-8N
Change Physical Footprint: Designator=C4 Old Footprint=SM127P600-8N New Footprint=SM127P600-8N
Change Physical Footprint: Designator=DD1 Old Footprint=k155la3 New Footprint=k155la3
Change Physical Footprint: Designator=DD2 Old Footprint=k155ie4 New Footprint=k155ie4
Change Physical Footprint: Designator=DD3 Old Footprint=k155ie4 New Footprint=k155ie4
Change Physical Footprint: Designator=DD4 Old Footprint=k155ie4 New Footprint=k155ie4
Change Physical Footprint: Designator=DD5 Old Footprint=k155ie4 New Footprint=k155ie4
Change Physical Footprint: Designator=DD6 Old Footprint=k155ie4 New Footprint=k155ie4
Change Physical Footprint: Designator=DD7 Old Footprint=k155ir17 New Footprint=k155ir17
Change Physical Footprint: Designator=DD8 Old Footprint=k155tm2 New Footprint=k155tm2
Change Physical Footprint: Designator=K1 Old Footprint=RELAY_SRD-05VDC-SL-C New Footprint=RELAY_SRD-05VDC-SL-C
Change Physical Footprint: Designator=K2 Old Footprint=RELAY_SRD-05VDC-SL-C New Footprint=RELAY_SRD-05VDC-SL-C
Change Physical Footprint: Designator=R1 Old Footprint=RESC3517X06N New Footprint=RESC3517X06N
Change Physical Footprint: Designator=R2 Old Footprint=RESC3517X06N New Footprint=RESC3517X06N
Change Physical Footprint: Designator=R3 Old Footprint=RESC3517X06N New Footprint=RESC3517X06N
Change Physical Footprint: Designator=R4 Old Footprint=RESC3517X06N New Footprint=RESC3517X06N
Change Physical Footprint: Designator=R5 Old Footprint=RESC3517X06N New Footprint=RESC3517X06N
Change Physical Footprint: Designator=R6 Old Footprint=RESC3517X06N New Footprint=RESC3517X06N
Change Physical Footprint: Designator=R7 Old Footprint=RESC3517X06N New Footprint=RESC3517X06N
Change Physical Footprint: Designator=R8 Old Footprint=RESC3517X06N New Footprint=RESC3517X06N
Change Physical Footprint: Designator=R9 Old Footprint=RESC3517X06N New Footprint=RESC3517X06N
Change Physical Footprint: Designator=R10 Old Footprint=RESC3517X06N New Footprint=RESC3517X06N
Change Physical Footprint: Designator=R11 Old Footprint=RESC3517X06N New Footprint=RESC3517X06N
Change Physical Footprint: Designator=R12 Old Footprint=RESC3517X06N New Footprint=RESC3517X06N
Change Physical Footprint: Designator=R13 Old Footprint=RESC3517X06N New Footprint=RESC3517X06N
Change Physical Footprint: Designator=SA1 Old Footprint=SA1 New Footprint=SA1
Change Physical Footprint: Designator=SA2 Old Footprint=SA2 New Footprint=SA2
Change Physical Footprint: Designator=SA3 Old Footprint=SA3 New Footprint=SA3
Change Physical Footprint: Designator=SB1 Old Footprint=Buton New Footprint=Buton
Change Physical Footprint: Designator=SB2 Old Footprint=Buton New Footprint=Buton
Change Physical Footprint: Designator=VD1 Old Footprint=Zener New Footprint=Zener
Change Physical Footprint: Designator=VD2 Old Footprint=Dioda New Footprint=Dioda
Change Physical Footprint: Designator=VD3 Old Footprint=Dioda New Footprint=Dioda
Change Physical Footprint: Designator=VD4 Old Footprint=Dioda New Footprint=Dioda
Change Physical Footprint: Designator=VD5 Old Footprint=Dioda New Footprint=Dioda
Change Physical Footprint: Designator=VD6 Old Footprint=Dioda New Footprint=Dioda
Change Physical Footprint: Designator=VT1 Old Footprint=Transistor NPN New Footprint=Transistor NPN
Change Physical Footprint: Designator=VT2 Old Footprint=Transistor NPN New Footprint=Transistor NPN
