Replace Part C1 Condensator in C:\Users\blabla\Downloads\uni\ANUL4\sem2\pac\lab1\lab1.SchDoc with Condensator from lab1.SchLib
Replace Part C2 Condensator in C:\Users\blabla\Downloads\uni\ANUL4\sem2\pac\lab1\lab1.SchDoc with Condensator from lab1.SchLib
Replace Part C3 Condensator in C:\Users\blabla\Downloads\uni\ANUL4\sem2\pac\lab1\lab1.SchDoc with Condensator from lab1.SchLib
Replace Part C4 Condensator in C:\Users\blabla\Downloads\uni\ANUL4\sem2\pac\lab1\lab1.SchDoc with Condensator from lab1.SchLib
Replace Part DD1 k155la3 in C:\Users\blabla\Downloads\uni\ANUL4\sem2\pac\lab1\lab1.SchDoc with k155la3 from lab1.SchLib
Replace Part DD1 k155la3 in C:\Users\blabla\Downloads\uni\ANUL4\sem2\pac\lab1\lab1.SchDoc with k155la3 from lab1.SchLib
Replace Part DD1 k155la3 in C:\Users\blabla\Downloads\uni\ANUL4\sem2\pac\lab1\lab1.SchDoc with k155la3 from lab1.SchLib
Replace Part DD1 k155la3 in C:\Users\blabla\Downloads\uni\ANUL4\sem2\pac\lab1\lab1.SchDoc with k155la3 from lab1.SchLib
Replace Part DD2 k155ie4 in C:\Users\blabla\Downloads\uni\ANUL4\sem2\pac\lab1\lab1.SchDoc with k155ie4 from lab1.SchLib
Replace Part DD3 k155ie4 in C:\Users\blabla\Downloads\uni\ANUL4\sem2\pac\lab1\lab1.SchDoc with k155ie4 from lab1.SchLib
Replace Part DD4 k155ie4 in C:\Users\blabla\Downloads\uni\ANUL4\sem2\pac\lab1\lab1.SchDoc with k155ie4 from lab1.SchLib
Replace Part DD5 k155ie4 in C:\Users\blabla\Downloads\uni\ANUL4\sem2\pac\lab1\lab1.SchDoc with k155ie4 from lab1.SchLib
Replace Part DD6 k155ie4 in C:\Users\blabla\Downloads\uni\ANUL4\sem2\pac\lab1\lab1.SchDoc with k155ie4 from lab1.SchLib
Replace Part DD7 k155ir17 in C:\Users\blabla\Downloads\uni\ANUL4\sem2\pac\lab1\lab1.SchDoc with k155ir17 from lab1.SchLib
Replace Part DD8 k155tm2 in C:\Users\blabla\Downloads\uni\ANUL4\sem2\pac\lab1\lab1.SchDoc with k155tm2 from lab1.SchLib
Replace Part DD8 k155tm2 in C:\Users\blabla\Downloads\uni\ANUL4\sem2\pac\lab1\lab1.SchDoc with k155tm2 from lab1.SchLib
Replace Part K1 Releu in C:\Users\blabla\Downloads\uni\ANUL4\sem2\pac\lab1\lab1.SchDoc with Releu from lab1.SchLib
Replace Part K2 Releu in C:\Users\blabla\Downloads\uni\ANUL4\sem2\pac\lab1\lab1.SchDoc with Releu from lab1.SchLib
Replace Part R1 Resistor in C:\Users\blabla\Downloads\uni\ANUL4\sem2\pac\lab1\lab1.SchDoc with Resistor from lab1.SchLib
Replace Part R2 Resistor in C:\Users\blabla\Downloads\uni\ANUL4\sem2\pac\lab1\lab1.SchDoc with Resistor from lab1.SchLib
Replace Part R3 Resistor in C:\Users\blabla\Downloads\uni\ANUL4\sem2\pac\lab1\lab1.SchDoc with Resistor from lab1.SchLib
Replace Part R4 Resistor in C:\Users\blabla\Downloads\uni\ANUL4\sem2\pac\lab1\lab1.SchDoc with Resistor from lab1.SchLib
Replace Part R5 Resistor in C:\Users\blabla\Downloads\uni\ANUL4\sem2\pac\lab1\lab1.SchDoc with Resistor from lab1.SchLib
Replace Part R6 Resistor in C:\Users\blabla\Downloads\uni\ANUL4\sem2\pac\lab1\lab1.SchDoc with Resistor from lab1.SchLib
Replace Part R7 Resistor in C:\Users\blabla\Downloads\uni\ANUL4\sem2\pac\lab1\lab1.SchDoc with Resistor from lab1.SchLib
Replace Part R8 Resistor in C:\Users\blabla\Downloads\uni\ANUL4\sem2\pac\lab1\lab1.SchDoc with Resistor from lab1.SchLib
Replace Part R9 Resistor in C:\Users\blabla\Downloads\uni\ANUL4\sem2\pac\lab1\lab1.SchDoc with Resistor from lab1.SchLib
Replace Part R10 Resistor in C:\Users\blabla\Downloads\uni\ANUL4\sem2\pac\lab1\lab1.SchDoc with Resistor from lab1.SchLib
Replace Part R11 Resistor in C:\Users\blabla\Downloads\uni\ANUL4\sem2\pac\lab1\lab1.SchDoc with Resistor from lab1.SchLib
Replace Part R12 Resistor in C:\Users\blabla\Downloads\uni\ANUL4\sem2\pac\lab1\lab1.SchDoc with Resistor from lab1.SchLib
Replace Part R13 Resistor in C:\Users\blabla\Downloads\uni\ANUL4\sem2\pac\lab1\lab1.SchDoc with Resistor from lab1.SchLib
Replace Part SA1 SA1 in C:\Users\blabla\Downloads\uni\ANUL4\sem2\pac\lab1\lab1.SchDoc with SA1 from lab1.SchLib
Replace Part SA2 SA2 in C:\Users\blabla\Downloads\uni\ANUL4\sem2\pac\lab1\lab1.SchDoc with SA2 from lab1.SchLib
Replace Part SA3 SA3 in C:\Users\blabla\Downloads\uni\ANUL4\sem2\pac\lab1\lab1.SchDoc with SA3 from lab1.SchLib
Replace Part SB1 Intrerupator in C:\Users\blabla\Downloads\uni\ANUL4\sem2\pac\lab1\lab1.SchDoc with Intrerupator from lab1.SchLib
Replace Part SB2 Intrerupator in C:\Users\blabla\Downloads\uni\ANUL4\sem2\pac\lab1\lab1.SchDoc with Intrerupator from lab1.SchLib
Replace Part VD1 Zener in C:\Users\blabla\Downloads\uni\ANUL4\sem2\pac\lab1\lab1.SchDoc with Zener from lab1.SchLib
Replace Part VD2 Dioda in C:\Users\blabla\Downloads\uni\ANUL4\sem2\pac\lab1\lab1.SchDoc with Dioda from lab1.SchLib
Replace Part VD3 Dioda in C:\Users\blabla\Downloads\uni\ANUL4\sem2\pac\lab1\lab1.SchDoc with Dioda from lab1.SchLib
Replace Part VD4 Dioda in C:\Users\blabla\Downloads\uni\ANUL4\sem2\pac\lab1\lab1.SchDoc with Dioda from lab1.SchLib
Replace Part VD5 Dioda in C:\Users\blabla\Downloads\uni\ANUL4\sem2\pac\lab1\lab1.SchDoc with Dioda from lab1.SchLib
Replace Part VD6 Dioda in C:\Users\blabla\Downloads\uni\ANUL4\sem2\pac\lab1\lab1.SchDoc with Dioda from lab1.SchLib
Replace Part VT1 TransistorNPN in C:\Users\blabla\Downloads\uni\ANUL4\sem2\pac\lab1\lab1.SchDoc with TransistorNPN from lab1.SchLib
Replace Part VT2 TransistorNPN in C:\Users\blabla\Downloads\uni\ANUL4\sem2\pac\lab1\lab1.SchDoc with TransistorNPN from lab1.SchLib
